[2021-05-14T07:12:05.345+0000][14724][gc] Using G1
[2021-05-14T07:12:07.005+0000][14724][gc,init] Version: 16+36 (release)
[2021-05-14T07:12:07.005+0000][14724][gc,init] CPUs: 12 total, 12 available
[2021-05-14T07:12:07.005+0000][14724][gc,init] Memory: 32519M
[2021-05-14T07:12:07.005+0000][14724][gc,init] Large Page Support: Disabled
[2021-05-14T07:12:07.005+0000][14724][gc,init] NUMA Support: Disabled
[2021-05-14T07:12:07.005+0000][14724][gc,init] Compressed Oops: Enabled (Zero based)
[2021-05-14T07:12:07.005+0000][14724][gc,init] Heap Region Size: 8M
[2021-05-14T07:12:07.005+0000][14724][gc,init] Heap Min Capacity: 16264M
[2021-05-14T07:12:07.005+0000][14724][gc,init] Heap Initial Capacity: 16264M
[2021-05-14T07:12:07.005+0000][14724][gc,init] Heap Max Capacity: 16264M
[2021-05-14T07:12:07.005+0000][14724][gc,init] Pre-touch: Enabled
[2021-05-14T07:12:07.005+0000][14724][gc,init] Parallel Workers: 10
[2021-05-14T07:12:07.005+0000][14724][gc,init] Concurrent Workers: 3
[2021-05-14T07:12:07.005+0000][14724][gc,init] Concurrent Refinement Workers: 10
[2021-05-14T07:12:07.005+0000][14724][gc,init] Periodic GC: Disabled
[2021-05-14T07:12:07.006+0000][14724][gc,metaspace] CDS archive(s) mapped at: [0x0000000800000000-0x0000000800bf0000-0x0000000800bf0000), size 12517376, SharedBaseAddress: 0x0000000800000000, ArchiveRelocationMode: 0.
[2021-05-14T07:12:07.006+0000][14724][gc,metaspace] Compressed class space mapped at: 0x0000000800c00000-0x0000000840c00000, reserved size: 1073741824
[2021-05-14T07:12:07.006+0000][14724][gc,metaspace] Narrow klass base: 0x0000000800000000, Narrow klass shift: 3, Narrow klass range: 0x100000000
[2021-05-14T07:12:07.313+0000][14724][safepoint   ] Safepoint "ICBufferFull", Time since last: 302692400 ns, Reaching safepoint: 84200 ns, At safepoint: 9500 ns, Total: 93700 ns
[2021-05-14T07:12:07.709+0000][14724][safepoint   ] Safepoint "ICBufferFull", Time since last: 396328100 ns, Reaching safepoint: 106000 ns, At safepoint: 2000 ns, Total: 108000 ns
[2021-05-14T07:12:08.272+0000][14724][safepoint   ] Safepoint "ICBufferFull", Time since last: 561951400 ns, Reaching safepoint: 157400 ns, At safepoint: 47300 ns, Total: 204700 ns
[2021-05-14T07:12:09.371+0000][14724][safepoint   ] Safepoint "Cleanup", Time since last: 1098323800 ns, Reaching safepoint: 81600 ns, At safepoint: 91000 ns, Total: 172600 ns
[2021-05-14T07:12:10.089+0000][14724][safepoint   ] Safepoint "ICBufferFull", Time since last: 717629000 ns, Reaching safepoint: 117600 ns, At safepoint: 40300 ns, Total: 157900 ns
[2021-05-14T07:12:10.329+0000][14724][safepoint   ] Safepoint "ICBufferFull", Time since last: 240805900 ns, Reaching safepoint: 122700 ns, At safepoint: 2200 ns, Total: 124900 ns
[2021-05-14T07:12:10.333+0000][14724][safepoint   ] Safepoint "ICBufferFull", Time since last: 3584800 ns, Reaching safepoint: 86100 ns, At safepoint: 2000 ns, Total: 88100 ns
[2021-05-14T07:12:10.335+0000][14724][safepoint   ] Safepoint "ICBufferFull", Time since last: 2382900 ns, Reaching safepoint: 87300 ns, At safepoint: 1900 ns, Total: 89200 ns
[2021-05-14T07:12:10.337+0000][14724][safepoint   ] Safepoint "ICBufferFull", Time since last: 2297600 ns, Reaching safepoint: 92600 ns, At safepoint: 1800 ns, Total: 94400 ns
[2021-05-14T07:12:10.340+0000][14724][safepoint   ] Safepoint "ICBufferFull", Time since last: 2245800 ns, Reaching safepoint: 89200 ns, At safepoint: 1700 ns, Total: 90900 ns
[2021-05-14T07:12:10.341+0000][14724][safepoint   ] Safepoint "ICBufferFull", Time since last: 1575800 ns, Reaching safepoint: 56800 ns, At safepoint: 1800 ns, Total: 58600 ns
[2021-05-14T07:12:10.345+0000][14724][safepoint   ] Safepoint "ICBufferFull", Time since last: 3086100 ns, Reaching safepoint: 91800 ns, At safepoint: 1800 ns, Total: 93600 ns
[2021-05-14T07:12:10.347+0000][14724][safepoint   ] Safepoint "ICBufferFull", Time since last: 2186800 ns, Reaching safepoint: 92000 ns, At safepoint: 2100 ns, Total: 94100 ns
[2021-05-14T07:12:10.350+0000][14724][safepoint   ] Safepoint "ICBufferFull", Time since last: 2705100 ns, Reaching safepoint: 95800 ns, At safepoint: 1700 ns, Total: 97500 ns
[2021-05-14T07:12:10.354+0000][14724][safepoint   ] Safepoint "ICBufferFull", Time since last: 4262600 ns, Reaching safepoint: 95300 ns, At safepoint: 2200 ns, Total: 97500 ns
[2021-05-14T07:12:10.359+0000][14724][safepoint   ] Safepoint "ICBufferFull", Time since last: 5194700 ns, Reaching safepoint: 90900 ns, At safepoint: 2000 ns, Total: 92900 ns
[2021-05-14T07:12:10.363+0000][14724][safepoint   ] Safepoint "ICBufferFull", Time since last: 3283600 ns, Reaching safepoint: 93500 ns, At safepoint: 2400 ns, Total: 95900 ns
[2021-05-14T07:12:10.365+0000][14724][safepoint   ] Safepoint "ICBufferFull", Time since last: 2681000 ns, Reaching safepoint: 87500 ns, At safepoint: 2000 ns, Total: 89500 ns
[2021-05-14T07:12:10.370+0000][14724][safepoint   ] Safepoint "ICBufferFull", Time since last: 4371200 ns, Reaching safepoint: 90600 ns, At safepoint: 1900 ns, Total: 92500 ns
[2021-05-14T07:12:10.632+0000][14724][safepoint   ] Safepoint "ICBufferFull", Time since last: 261634400 ns, Reaching safepoint: 102300 ns, At safepoint: 3100 ns, Total: 105400 ns
[2021-05-14T07:12:11.974+0000][14724][gc,start    ] GC(0) Pause Young (Normal) (G1 Evacuation Pause)
[2021-05-14T07:12:11.974+0000][14724][gc,task     ] GC(0) Using 10 workers of 10 for evacuation
[2021-05-14T07:12:11.974+0000][14724][gc,age      ] GC(0) Desired survivor size 54525952 bytes, new threshold 15 (max threshold 15)
[2021-05-14T07:12:11.982+0000][14724][gc,age      ] GC(0) Age table with threshold 15 (max threshold 15)
[2021-05-14T07:12:11.982+0000][14724][gc,age      ] GC(0) - age   1:   15302864 bytes,   15302864 total
[2021-05-14T07:12:11.982+0000][14724][gc,phases   ] GC(0)   Pre Evacuate Collection Set: 0.2ms
[2021-05-14T07:12:11.982+0000][14724][gc,phases   ] GC(0)   Merge Heap Roots: 0.2ms
[2021-05-14T07:12:11.982+0000][14724][gc,phases   ] GC(0)   Evacuate Collection Set: 5.6ms
[2021-05-14T07:12:11.982+0000][14724][gc,phases   ] GC(0)   Post Evacuate Collection Set: 1.9ms
[2021-05-14T07:12:11.982+0000][14724][gc,phases   ] GC(0)   Other: 0.9ms
[2021-05-14T07:12:11.982+0000][14724][gc,heap     ] GC(0) Eden regions: 101->0(99)
[2021-05-14T07:12:11.982+0000][14724][gc,heap     ] GC(0) Survivor regions: 0->2(13)
[2021-05-14T07:12:11.982+0000][14724][gc,heap     ] GC(0) Old regions: 0->0
[2021-05-14T07:12:11.982+0000][14724][gc,heap     ] GC(0) Archive regions: 0->0
[2021-05-14T07:12:11.982+0000][14724][gc,heap     ] GC(0) Humongous regions: 0->0
[2021-05-14T07:12:11.982+0000][14724][gc,metaspace] GC(0) Metaspace: 18511K(18816K)->18511K(18816K) NonClass: 16337K(16512K)->16337K(16512K) Class: 2174K(2304K)->2174K(2304K)
[2021-05-14T07:12:11.982+0000][14724][gc          ] GC(0) Pause Young (Normal) (G1 Evacuation Pause) 808M->14M(16264M) 8.395ms
[2021-05-14T07:12:11.982+0000][14724][gc,cpu      ] GC(0) User=0.00s Sys=0.00s Real=0.01s
[2021-05-14T07:12:11.982+0000][14724][safepoint   ] Safepoint "G1CollectForAllocation", Time since last: 1341086700 ns, Reaching safepoint: 237600 ns, At safepoint: 9278300 ns, Total: 9515900 ns
[2021-05-14T07:12:12.986+0000][14724][safepoint   ] Safepoint "Cleanup", Time since last: 1003310800 ns, Reaching safepoint: 160000 ns, At safepoint: 27900 ns, Total: 187900 ns
[2021-05-14T07:12:13.603+0000][14724][gc,start    ] GC(1) Pause Young (Normal) (G1 Evacuation Pause)
[2021-05-14T07:12:13.603+0000][14724][gc,task     ] GC(1) Using 10 workers of 10 for evacuation
[2021-05-14T07:12:13.603+0000][14724][gc,age      ] GC(1) Desired survivor size 54525952 bytes, new threshold 15 (max threshold 15)
[2021-05-14T07:12:13.609+0000][14724][gc,age      ] GC(1) Age table with threshold 15 (max threshold 15)
[2021-05-14T07:12:13.609+0000][14724][gc,age      ] GC(1) - age   1:    2621848 bytes,    2621848 total
[2021-05-14T07:12:13.609+0000][14724][gc,age      ] GC(1) - age   2:   13887336 bytes,   16509184 total
[2021-05-14T07:12:13.610+0000][14724][gc,phases   ] GC(1)   Pre Evacuate Collection Set: 0.2ms
[2021-05-14T07:12:13.610+0000][14724][gc,phases   ] GC(1)   Merge Heap Roots: 0.2ms
[2021-05-14T07:12:13.610+0000][14724][gc,phases   ] GC(1)   Evacuate Collection Set: 4.9ms
[2021-05-14T07:12:13.610+0000][14724][gc,phases   ] GC(1)   Post Evacuate Collection Set: 1.1ms
[2021-05-14T07:12:13.610+0000][14724][gc,phases   ] GC(1)   Other: 0.2ms
[2021-05-14T07:12:13.610+0000][14724][gc,heap     ] GC(1) Eden regions: 99->0(98)
[2021-05-14T07:12:13.610+0000][14724][gc,heap     ] GC(1) Survivor regions: 2->3(13)
[2021-05-14T07:12:13.610+0000][14724][gc,heap     ] GC(1) Old regions: 0->0
[2021-05-14T07:12:13.610+0000][14724][gc,heap     ] GC(1) Archive regions: 0->0
[2021-05-14T07:12:13.610+0000][14724][gc,heap     ] GC(1) Humongous regions: 0->0
[2021-05-14T07:12:13.610+0000][14724][gc,metaspace] GC(1) Metaspace: 19223K(19584K)->19223K(19584K) NonClass: 16946K(17152K)->16946K(17152K) Class: 2277K(2432K)->2277K(2432K)
[2021-05-14T07:12:13.610+0000][14724][gc          ] GC(1) Pause Young (Normal) (G1 Evacuation Pause) 806M->16M(16264M) 6.647ms
[2021-05-14T07:12:13.610+0000][14724][gc,cpu      ] GC(1) User=0.05s Sys=0.00s Real=0.01s
[2021-05-14T07:12:13.610+0000][14724][safepoint   ] Safepoint "G1CollectForAllocation", Time since last: 617356300 ns, Reaching safepoint: 90700 ns, At safepoint: 6729800 ns, Total: 6820500 ns
[2021-05-14T07:12:14.614+0000][14724][safepoint   ] Safepoint "Cleanup", Time since last: 1003229000 ns, Reaching safepoint: 128200 ns, At safepoint: 39600 ns, Total: 167800 ns
[2021-05-14T07:12:15.614+0000][14724][safepoint   ] Safepoint "Cleanup", Time since last: 1000629300 ns, Reaching safepoint: 231400 ns, At safepoint: 60200 ns, Total: 291600 ns
[2021-05-14T07:12:15.622+0000][14724][gc,start    ] GC(2) Pause Young (Normal) (G1 Evacuation Pause)
[2021-05-14T07:12:15.622+0000][14724][gc,task     ] GC(2) Using 10 workers of 10 for evacuation
[2021-05-14T07:12:15.622+0000][14724][gc,age      ] GC(2) Desired survivor size 54525952 bytes, new threshold 15 (max threshold 15)
[2021-05-14T07:12:15.629+0000][14724][gc,age      ] GC(2) Age table with threshold 15 (max threshold 15)
[2021-05-14T07:12:15.629+0000][14724][gc,age      ] GC(2) - age   1:    3231736 bytes,    3231736 total
[2021-05-14T07:12:15.629+0000][14724][gc,age      ] GC(2) - age   2:    2600392 bytes,    5832128 total
[2021-05-14T07:12:15.629+0000][14724][gc,age      ] GC(2) - age   3:   13877376 bytes,   19709504 total
[2021-05-14T07:12:15.629+0000][14724][gc,phases   ] GC(2)   Pre Evacuate Collection Set: 0.2ms
[2021-05-14T07:12:15.629+0000][14724][gc,phases   ] GC(2)   Merge Heap Roots: 0.2ms
[2021-05-14T07:12:15.629+0000][14724][gc,phases   ] GC(2)   Evacuate Collection Set: 5.2ms
[2021-05-14T07:12:15.629+0000][14724][gc,phases   ] GC(2)   Post Evacuate Collection Set: 1.1ms
[2021-05-14T07:12:15.629+0000][14724][gc,phases   ] GC(2)   Other: 0.2ms
[2021-05-14T07:12:15.629+0000][14724][gc,heap     ] GC(2) Eden regions: 98->0(100)
[2021-05-14T07:12:15.629+0000][14724][gc,heap     ] GC(2) Survivor regions: 3->3(13)
[2021-05-14T07:12:15.629+0000][14724][gc,heap     ] GC(2) Old regions: 0->0
[2021-05-14T07:12:15.629+0000][14724][gc,heap     ] GC(2) Archive regions: 0->0
[2021-05-14T07:12:15.629+0000][14724][gc,heap     ] GC(2) Humongous regions: 0->0
[2021-05-14T07:12:15.629+0000][14724][gc,metaspace] GC(2) Metaspace: 20689K(21248K)->20689K(21248K) NonClass: 18221K(18560K)->18221K(18560K) Class: 2467K(2688K)->2467K(2688K)
[2021-05-14T07:12:15.629+0000][14724][gc          ] GC(2) Pause Young (Normal) (G1 Evacuation Pause) 800M->19M(16264M) 6.876ms
[2021-05-14T07:12:15.629+0000][14724][gc,cpu      ] GC(2) User=0.16s Sys=0.00s Real=0.01s
[2021-05-14T07:12:15.629+0000][14724][safepoint   ] Safepoint "G1CollectForAllocation", Time since last: 7444400 ns, Reaching safepoint: 172000 ns, At safepoint: 6925100 ns, Total: 7097100 ns
[2021-05-14T07:12:16.242+0000][14724][gc,start    ] GC(3) Pause Young (Concurrent Start) (Metadata GC Threshold)
[2021-05-14T07:12:16.242+0000][14724][gc,task     ] GC(3) Using 10 workers of 10 for evacuation
[2021-05-14T07:12:16.242+0000][14724][gc,age      ] GC(3) Desired survivor size 54525952 bytes, new threshold 15 (max threshold 15)
[2021-05-14T07:12:16.249+0000][14724][gc,age      ] GC(3) Age table with threshold 15 (max threshold 15)
[2021-05-14T07:12:16.249+0000][14724][gc,age      ] GC(3) - age   1:     540472 bytes,     540472 total
[2021-05-14T07:12:16.249+0000][14724][gc,age      ] GC(3) - age   2:    2992608 bytes,    3533080 total
[2021-05-14T07:12:16.249+0000][14724][gc,age      ] GC(3) - age   3:    2600280 bytes,    6133360 total
[2021-05-14T07:12:16.249+0000][14724][gc,age      ] GC(3) - age   4:   13874568 bytes,   20007928 total
[2021-05-14T07:12:16.249+0000][14724][gc,phases   ] GC(3)   Pre Evacuate Collection Set: 0.1ms
[2021-05-14T07:12:16.249+0000][14724][gc,phases   ] GC(3)   Merge Heap Roots: 0.1ms
[2021-05-14T07:12:16.249+0000][14724][gc,phases   ] GC(3)   Evacuate Collection Set: 5.3ms
[2021-05-14T07:12:16.249+0000][14724][gc,phases   ] GC(3)   Post Evacuate Collection Set: 1.0ms
[2021-05-14T07:12:16.249+0000][14724][gc,phases   ] GC(3)   Other: 0.5ms
[2021-05-14T07:12:16.249+0000][14724][gc,heap     ] GC(3) Eden regions: 37->0(108)
[2021-05-14T07:12:16.249+0000][14724][gc,heap     ] GC(3) Survivor regions: 3->3(13)
[2021-05-14T07:12:16.249+0000][14724][gc,heap     ] GC(3) Old regions: 0->0
[2021-05-14T07:12:16.249+0000][14724][gc,heap     ] GC(3) Archive regions: 0->0
[2021-05-14T07:12:16.249+0000][14724][gc,heap     ] GC(3) Humongous regions: 0->0
[2021-05-14T07:12:16.249+0000][14724][gc,metaspace] GC(3) Metaspace: 20779K(21248K)->20779K(21248K) NonClass: 18289K(18560K)->18289K(18560K) Class: 2489K(2688K)->2489K(2688K)
[2021-05-14T07:12:16.249+0000][14724][gc          ] GC(3) Pause Young (Concurrent Start) (Metadata GC Threshold) 315M->20M(16264M) 7.151ms
[2021-05-14T07:12:16.249+0000][14724][gc,cpu      ] GC(3) User=0.00s Sys=0.00s Real=0.01s
[2021-05-14T07:12:16.249+0000][14724][gc          ] GC(4) Concurrent Mark Cycle
[2021-05-14T07:12:16.250+0000][14724][safepoint   ] Safepoint "CollectForMetadataAllocation", Time since last: 613238400 ns, Reaching safepoint: 140400 ns, At safepoint: 7233300 ns, Total: 7373700 ns
[2021-05-14T07:12:16.250+0000][14724][gc,marking  ] GC(4) Concurrent Clear Claimed Marks
[2021-05-14T07:12:16.250+0000][14724][gc,marking  ] GC(4) Concurrent Clear Claimed Marks 0.115ms
[2021-05-14T07:12:16.250+0000][14724][gc,marking  ] GC(4) Concurrent Scan Root Regions
[2021-05-14T07:12:16.252+0000][14724][gc,marking  ] GC(4) Concurrent Scan Root Regions 2.662ms
[2021-05-14T07:12:16.252+0000][14724][gc,marking  ] GC(4) Concurrent Mark
[2021-05-14T07:12:16.252+0000][14724][gc,marking  ] GC(4) Concurrent Mark From Roots
[2021-05-14T07:12:16.252+0000][14724][gc,task     ] GC(4) Using 3 workers of 3 for marking
[2021-05-14T07:12:16.253+0000][14724][gc,marking  ] GC(4) Concurrent Mark From Roots 0.325ms
[2021-05-14T07:12:16.253+0000][14724][gc,marking  ] GC(4) Concurrent Preclean
[2021-05-14T07:12:16.253+0000][14724][gc,marking  ] GC(4) Concurrent Preclean 0.045ms
[2021-05-14T07:12:16.253+0000][14724][gc,start    ] GC(4) Pause Remark
[2021-05-14T07:12:16.256+0000][14724][gc          ] GC(4) Pause Remark 24M->24M(16264M) 3.857ms
[2021-05-14T07:12:16.256+0000][14724][gc,cpu      ] GC(4) User=0.00s Sys=0.00s Real=0.00s
[2021-05-14T07:12:16.256+0000][14724][safepoint   ] Safepoint "G1Concurrent", Time since last: 3333500 ns, Reaching safepoint: 157500 ns, At safepoint: 3905900 ns, Total: 4063400 ns
[2021-05-14T07:12:16.256+0000][14724][gc,marking  ] GC(4) Concurrent Mark 4.586ms
[2021-05-14T07:12:16.256+0000][14724][gc,marking  ] GC(4) Concurrent Rebuild Remembered Sets
[2021-05-14T07:12:16.257+0000][14724][gc,marking  ] GC(4) Concurrent Rebuild Remembered Sets 0.128ms
[2021-05-14T07:12:16.257+0000][14724][gc,start    ] GC(4) Pause Cleanup
[2021-05-14T07:12:16.257+0000][14724][gc          ] GC(4) Pause Cleanup 24M->24M(16264M) 0.083ms
[2021-05-14T07:12:16.257+0000][14724][gc,cpu      ] GC(4) User=0.00s Sys=0.00s Real=0.00s
[2021-05-14T07:12:16.257+0000][14724][safepoint   ] Safepoint "G1Concurrent", Time since last: 229900 ns, Reaching safepoint: 40400 ns, At safepoint: 119400 ns, Total: 159800 ns
[2021-05-14T07:12:16.257+0000][14724][gc,marking  ] GC(4) Concurrent Cleanup for Next Mark
[2021-05-14T07:12:16.278+0000][14724][gc,marking  ] GC(4) Concurrent Cleanup for Next Mark 20.259ms
[2021-05-14T07:12:16.278+0000][14724][gc          ] GC(4) Concurrent Mark Cycle 28.219ms
[2021-05-14T07:12:17.134+0000][14724][safepoint   ] Safepoint "ICBufferFull", Time since last: 876970900 ns, Reaching safepoint: 127200 ns, At safepoint: 9200 ns, Total: 136400 ns
[2021-05-14T07:12:17.511+0000][14724][safepoint   ] Safepoint "ICBufferFull", Time since last: 376217100 ns, Reaching safepoint: 88300 ns, At safepoint: 2400 ns, Total: 90700 ns
[2021-05-14T07:12:18.275+0000][14724][safepoint   ] Safepoint "ICBufferFull", Time since last: 763668600 ns, Reaching safepoint: 146100 ns, At safepoint: 6400 ns, Total: 152500 ns
[2021-05-14T07:12:18.518+0000][14724][gc,start    ] GC(5) Pause Young (Concurrent Start) (Metadata GC Threshold)
[2021-05-14T07:12:18.518+0000][14724][gc,task     ] GC(5) Using 10 workers of 10 for evacuation
[2021-05-14T07:12:18.518+0000][14724][gc,age      ] GC(5) Desired survivor size 58720256 bytes, new threshold 15 (max threshold 15)
[2021-05-14T07:12:18.539+0000][14724][gc,age      ] GC(5) Age table with threshold 15 (max threshold 15)
[2021-05-14T07:12:18.539+0000][14724][gc,age      ] GC(5) - age   1:   38867808 bytes,   38867808 total
[2021-05-14T07:12:18.539+0000][14724][gc,age      ] GC(5) - age   2:     519472 bytes,   39387280 total
[2021-05-14T07:12:18.539+0000][14724][gc,age      ] GC(5) - age   3:    2953048 bytes,   42340328 total
[2021-05-14T07:12:18.539+0000][14724][gc,age      ] GC(5) - age   4:    2572584 bytes,   44912912 total
[2021-05-14T07:12:18.539+0000][14724][gc,age      ] GC(5) - age   5:   13739200 bytes,   58652112 total
[2021-05-14T07:12:18.539+0000][14724][gc,phases   ] GC(5)   Pre Evacuate Collection Set: 0.1ms
[2021-05-14T07:12:18.539+0000][14724][gc,phases   ] GC(5)   Merge Heap Roots: 0.1ms
[2021-05-14T07:12:18.539+0000][14724][gc,phases   ] GC(5)   Evacuate Collection Set: 20.0ms
[2021-05-14T07:12:18.539+0000][14724][gc,phases   ] GC(5)   Post Evacuate Collection Set: 1.2ms
[2021-05-14T07:12:18.539+0000][14724][gc,phases   ] GC(5)   Other: 0.3ms
[2021-05-14T07:12:18.539+0000][14724][gc,heap     ] GC(5) Eden regions: 40->0(101)
[2021-05-14T07:12:18.539+0000][14724][gc,heap     ] GC(5) Survivor regions: 3->8(14)
[2021-05-14T07:12:18.539+0000][14724][gc,heap     ] GC(5) Old regions: 0->0
[2021-05-14T07:12:18.539+0000][14724][gc,heap     ] GC(5) Archive regions: 0->0
[2021-05-14T07:12:18.539+0000][14724][gc,heap     ] GC(5) Humongous regions: 0->0
[2021-05-14T07:12:18.539+0000][14724][gc,metaspace] GC(5) Metaspace: 34641K(35520K)->34641K(35520K) NonClass: 30238K(30720K)->30238K(30720K) Class: 4403K(4800K)->4403K(4800K)
[2021-05-14T07:12:18.539+0000][14724][gc          ] GC(5) Pause Young (Concurrent Start) (Metadata GC Threshold) 340M->58M(16264M) 21.756ms
[2021-05-14T07:12:18.539+0000][14724][gc,cpu      ] GC(5) User=0.17s Sys=0.00s Real=0.02s
[2021-05-14T07:12:18.539+0000][14724][safepoint   ] Safepoint "CollectForMetadataAllocation", Time since last: 243279400 ns, Reaching safepoint: 120000 ns, At safepoint: 21855700 ns, Total: 21975700 ns
[2021-05-14T07:12:18.539+0000][14724][gc          ] GC(6) Concurrent Mark Cycle
[2021-05-14T07:12:18.539+0000][14724][gc,marking  ] GC(6) Concurrent Clear Claimed Marks
[2021-05-14T07:12:18.540+0000][14724][gc,marking  ] GC(6) Concurrent Clear Claimed Marks 0.051ms
[2021-05-14T07:12:18.540+0000][14724][gc,marking  ] GC(6) Concurrent Scan Root Regions
[2021-05-14T07:12:18.552+0000][14724][gc,marking  ] GC(6) Concurrent Scan Root Regions 12.668ms
[2021-05-14T07:12:18.552+0000][14724][gc,marking  ] GC(6) Concurrent Mark
[2021-05-14T07:12:18.552+0000][14724][gc,marking  ] GC(6) Concurrent Mark From Roots
[2021-05-14T07:12:18.552+0000][14724][gc,task     ] GC(6) Using 3 workers of 3 for marking
[2021-05-14T07:12:18.553+0000][14724][gc,marking  ] GC(6) Concurrent Mark From Roots 0.285ms
[2021-05-14T07:12:18.553+0000][14724][gc,marking  ] GC(6) Concurrent Preclean
[2021-05-14T07:12:18.553+0000][14724][gc,marking  ] GC(6) Concurrent Preclean 0.044ms
[2021-05-14T07:12:18.553+0000][14724][gc,start    ] GC(6) Pause Remark
[2021-05-14T07:12:18.555+0000][14724][gc          ] GC(6) Pause Remark 62M->62M(16264M) 2.137ms
[2021-05-14T07:12:18.555+0000][14724][gc,cpu      ] GC(6) User=0.00s Sys=0.00s Real=0.00s
[2021-05-14T07:12:18.555+0000][14724][safepoint   ] Safepoint "G1Concurrent", Time since last: 13274500 ns, Reaching safepoint: 125900 ns, At safepoint: 2191100 ns, Total: 2317000 ns
[2021-05-14T07:12:18.555+0000][14724][gc,marking  ] GC(6) Concurrent Mark 2.780ms
[2021-05-14T07:12:18.555+0000][14724][gc,marking  ] GC(6) Concurrent Rebuild Remembered Sets
[2021-05-14T07:12:18.555+0000][14724][gc,marking  ] GC(6) Concurrent Rebuild Remembered Sets 0.057ms
[2021-05-14T07:12:18.563+0000][14724][gc,start    ] GC(6) Pause Cleanup
[2021-05-14T07:12:18.563+0000][14724][gc          ] GC(6) Pause Cleanup 62M->62M(16264M) 0.160ms
[2021-05-14T07:12:18.563+0000][14724][gc,cpu      ] GC(6) User=0.00s Sys=0.00s Real=0.00s
[2021-05-14T07:12:18.563+0000][14724][safepoint   ] Safepoint "G1Concurrent", Time since last: 128500 ns, Reaching safepoint: 7362100 ns, At safepoint: 218100 ns, Total: 7580200 ns
[2021-05-14T07:12:18.563+0000][14724][gc,marking  ] GC(6) Concurrent Cleanup for Next Mark
[2021-05-14T07:12:18.586+0000][14724][gc,marking  ] GC(6) Concurrent Cleanup for Next Mark 22.730ms
[2021-05-14T07:12:18.586+0000][14724][gc          ] GC(6) Concurrent Mark Cycle 46.123ms
[2021-05-14T07:12:19.379+0000][14724][safepoint   ] Safepoint "ICBufferFull", Time since last: 816182900 ns, Reaching safepoint: 184100 ns, At safepoint: 8100 ns, Total: 192200 ns
[2021-05-14T07:12:19.741+0000][14724][safepoint   ] Safepoint "ICBufferFull", Time since last: 361276000 ns, Reaching safepoint: 144300 ns, At safepoint: 2800 ns, Total: 147100 ns
[2021-05-14T07:12:19.992+0000][14724][safepoint   ] Safepoint "ICBufferFull", Time since last: 251709100 ns, Reaching safepoint: 219900 ns, At safepoint: 3000 ns, Total: 222900 ns
[2021-05-14T07:12:20.712+0000][14724][safepoint   ] Safepoint "ICBufferFull", Time since last: 719666600 ns, Reaching safepoint: 149100 ns, At safepoint: 42200 ns, Total: 191300 ns
[2021-05-14T07:12:20.862+0000][14724][gc,start    ] GC(7) Pause Young (Concurrent Start) (Metadata GC Threshold)
[2021-05-14T07:12:20.862+0000][14724][gc,task     ] GC(7) Using 10 workers of 10 for evacuation
[2021-05-14T07:12:20.862+0000][14724][gc,age      ] GC(7) Desired survivor size 58720256 bytes, new threshold 15 (max threshold 15)
[2021-05-14T07:12:20.885+0000][14724][gc,age      ] GC(7) Age table with threshold 15 (max threshold 15)
[2021-05-14T07:12:20.885+0000][14724][gc,age      ] GC(7) - age   1:   11479648 bytes,   11479648 total
[2021-05-14T07:12:20.885+0000][14724][gc,age      ] GC(7) - age   2:   38563088 bytes,   50042736 total
[2021-05-14T07:12:20.885+0000][14724][gc,age      ] GC(7) - age   3:     518224 bytes,   50560960 total
[2021-05-14T07:12:20.885+0000][14724][gc,age      ] GC(7) - age   4:    2933880 bytes,   53494840 total
[2021-05-14T07:12:20.885+0000][14724][gc,age      ] GC(7) - age   5:    2558376 bytes,   56053216 total
[2021-05-14T07:12:20.885+0000][14724][gc,age      ] GC(7) - age   6:   13670472 bytes,   69723688 total
[2021-05-14T07:12:20.885+0000][14724][gc,phases   ] GC(7)   Pre Evacuate Collection Set: 0.2ms
[2021-05-14T07:12:20.885+0000][14724][gc,phases   ] GC(7)   Merge Heap Roots: 0.1ms
[2021-05-14T07:12:20.885+0000][14724][gc,phases   ] GC(7)   Evacuate Collection Set: 20.1ms
[2021-05-14T07:12:20.885+0000][14724][gc,phases   ] GC(7)   Post Evacuate Collection Set: 1.9ms
[2021-05-14T07:12:20.885+0000][14724][gc,phases   ] GC(7)   Other: 0.3ms
[2021-05-14T07:12:20.885+0000][14724][gc,heap     ] GC(7) Eden regions: 52->0(92)
[2021-05-14T07:12:20.885+0000][14724][gc,heap     ] GC(7) Survivor regions: 8->9(14)
[2021-05-14T07:12:20.885+0000][14724][gc,heap     ] GC(7) Old regions: 0->0
[2021-05-14T07:12:20.885+0000][14724][gc,heap     ] GC(7) Archive regions: 0->0
[2021-05-14T07:12:20.885+0000][14724][gc,heap     ] GC(7) Humongous regions: 0->0
[2021-05-14T07:12:20.885+0000][14724][gc,metaspace] GC(7) Metaspace: 58481K(59648K)->58481K(59648K) NonClass: 50822K(51520K)->50822K(51520K) Class: 7658K(8128K)->7658K(8128K)
[2021-05-14T07:12:20.885+0000][14724][gc          ] GC(7) Pause Young (Concurrent Start) (Metadata GC Threshold) 474M->72M(16264M) 22.570ms
[2021-05-14T07:12:20.885+0000][14724][gc,cpu      ] GC(7) User=0.16s Sys=0.00s Real=0.02s
[2021-05-14T07:12:20.885+0000][14724][gc          ] GC(8) Concurrent Mark Cycle
[2021-05-14T07:12:20.885+0000][14724][gc,marking  ] GC(8) Concurrent Clear Claimed Marks
[2021-05-14T07:12:20.885+0000][14724][safepoint   ] Safepoint "CollectForMetadataAllocation", Time since last: 149248800 ns, Reaching safepoint: 415600 ns, At safepoint: 22725000 ns, Total: 23140600 ns
[2021-05-14T07:12:20.885+0000][14724][gc,marking  ] GC(8) Concurrent Clear Claimed Marks 0.080ms
[2021-05-14T07:12:20.885+0000][14724][gc,marking  ] GC(8) Concurrent Scan Root Regions
[2021-05-14T07:12:20.899+0000][14724][gc,marking  ] GC(8) Concurrent Scan Root Regions 13.584ms
[2021-05-14T07:12:20.899+0000][14724][gc,marking  ] GC(8) Concurrent Mark
[2021-05-14T07:12:20.899+0000][14724][gc,marking  ] GC(8) Concurrent Mark From Roots
[2021-05-14T07:12:20.899+0000][14724][gc,task     ] GC(8) Using 3 workers of 3 for marking
[2021-05-14T07:12:20.899+0000][14724][gc,marking  ] GC(8) Concurrent Mark From Roots 0.251ms
[2021-05-14T07:12:20.899+0000][14724][gc,marking  ] GC(8) Concurrent Preclean
[2021-05-14T07:12:20.899+0000][14724][gc,marking  ] GC(8) Concurrent Preclean 0.051ms
[2021-05-14T07:12:20.900+0000][14724][gc,start    ] GC(8) Pause Remark
[2021-05-14T07:12:20.903+0000][14724][gc          ] GC(8) Pause Remark 79M->79M(16264M) 3.390ms
[2021-05-14T07:12:20.903+0000][14724][gc,cpu      ] GC(8) User=0.00s Sys=0.00s Real=0.00s
[2021-05-14T07:12:20.903+0000][14724][safepoint   ] Safepoint "G1Concurrent", Time since last: 14157300 ns, Reaching safepoint: 52400 ns, At safepoint: 3449200 ns, Total: 3501600 ns
[2021-05-14T07:12:20.903+0000][14724][gc,marking  ] GC(8) Concurrent Mark 3.944ms
[2021-05-14T07:12:20.903+0000][14724][gc,marking  ] GC(8) Concurrent Rebuild Remembered Sets
[2021-05-14T07:12:20.903+0000][14724][gc,marking  ] GC(8) Concurrent Rebuild Remembered Sets 0.068ms
[2021-05-14T07:12:20.903+0000][14724][gc,start    ] GC(8) Pause Cleanup
[2021-05-14T07:12:20.903+0000][14724][gc          ] GC(8) Pause Cleanup 79M->79M(16264M) 0.124ms
[2021-05-14T07:12:20.903+0000][14724][gc,cpu      ] GC(8) User=0.00s Sys=0.00s Real=0.00s
[2021-05-14T07:12:20.903+0000][14724][safepoint   ] Safepoint "G1Concurrent", Time since last: 133800 ns, Reaching safepoint: 32100 ns, At safepoint: 171200 ns, Total: 203300 ns
[2021-05-14T07:12:20.903+0000][14724][gc,marking  ] GC(8) Concurrent Cleanup for Next Mark
[2021-05-14T07:12:20.927+0000][14724][gc,marking  ] GC(8) Concurrent Cleanup for Next Mark 24.034ms
[2021-05-14T07:12:20.927+0000][14724][gc          ] GC(8) Concurrent Mark Cycle 42.255ms
[2021-05-14T07:12:21.976+0000][14724][safepoint   ] Safepoint "Cleanup", Time since last: 1072400600 ns, Reaching safepoint: 357200 ns, At safepoint: 60100 ns, Total: 417300 ns
[2021-05-14T07:12:22.505+0000][14724][safepoint   ] Safepoint "ICBufferFull", Time since last: 529180000 ns, Reaching safepoint: 159700 ns, At safepoint: 2500 ns, Total: 162200 ns
[2021-05-14T07:12:22.807+0000][14724][safepoint   ] Safepoint "ICBufferFull", Time since last: 301990600 ns, Reaching safepoint: 158900 ns, At safepoint: 40600 ns, Total: 199500 ns
[2021-05-14T07:12:23.268+0000][14724][safepoint   ] Safepoint "ICBufferFull", Time since last: 461278000 ns, Reaching safepoint: 147200 ns, At safepoint: 20200 ns, Total: 167400 ns
[2021-05-14T07:12:23.755+0000][14724][safepoint   ] Safepoint "ICBufferFull", Time since last: 486554200 ns, Reaching safepoint: 136400 ns, At safepoint: 7500 ns, Total: 143900 ns
[2021-05-14T07:12:24.760+0000][14724][safepoint   ] Safepoint "Cleanup", Time since last: 1003695900 ns, Reaching safepoint: 152300 ns, At safepoint: 10100 ns, Total: 162400 ns
[2021-05-14T07:12:26.775+0000][14724][safepoint   ] Safepoint "Cleanup", Time since last: 2015522900 ns, Reaching safepoint: 102300 ns, At safepoint: 5900 ns, Total: 108200 ns
[2021-05-14T07:12:30.796+0000][14724][safepoint   ] Safepoint "Cleanup", Time since last: 4020858000 ns, Reaching safepoint: 127900 ns, At safepoint: 5400 ns, Total: 133300 ns
[2021-05-14T07:12:32.820+0000][14724][safepoint   ] Safepoint "Cleanup", Time since last: 2023820500 ns, Reaching safepoint: 169600 ns, At safepoint: 14000 ns, Total: 183600 ns
[2021-05-14T07:12:34.846+0000][14724][safepoint   ] Safepoint "Cleanup", Time since last: 2025115400 ns, Reaching safepoint: 133100 ns, At safepoint: 5500 ns, Total: 138600 ns
[2021-05-14T07:12:36.863+0000][14724][safepoint   ] Safepoint "Cleanup", Time since last: 2017459400 ns, Reaching safepoint: 48700 ns, At safepoint: 4800 ns, Total: 53500 ns
[2021-05-14T07:12:37.874+0000][14724][safepoint   ] Safepoint "Cleanup", Time since last: 1010511000 ns, Reaching safepoint: 246200 ns, At safepoint: 15600 ns, Total: 261800 ns
[2021-05-14T07:12:41.904+0000][14724][safepoint   ] Safepoint "Cleanup", Time since last: 4030198300 ns, Reaching safepoint: 185900 ns, At safepoint: 3100 ns, Total: 189000 ns
[2021-05-14T07:12:43.908+0000][14724][safepoint   ] Safepoint "Cleanup", Time since last: 2003647700 ns, Reaching safepoint: 137000 ns, At safepoint: 17200 ns, Total: 154200 ns
[2021-05-14T07:12:46.933+0000][14724][safepoint   ] Safepoint "Cleanup", Time since last: 3025229200 ns, Reaching safepoint: 62100 ns, At safepoint: 4000 ns, Total: 66100 ns
[2021-05-14T07:12:54.017+0000][14724][safepoint   ] Safepoint "Cleanup", Time since last: 7083349200 ns, Reaching safepoint: 106600 ns, At safepoint: 5300 ns, Total: 111900 ns
[2021-05-14T07:12:56.857+0000][14724][safepoint   ] Safepoint "Cleanup", Time since last: 2840755100 ns, Reaching safepoint: 84100 ns, At safepoint: 10100 ns, Total: 94200 ns
[2021-05-14T07:12:57.920+0000][14724][safepoint   ] Safepoint "Cleanup", Time since last: 1062693600 ns, Reaching safepoint: 197400 ns, At safepoint: 5300 ns, Total: 202700 ns
[2021-05-14T07:13:00.947+0000][14724][safepoint   ] Safepoint "Cleanup", Time since last: 3026634800 ns, Reaching safepoint: 90200 ns, At safepoint: 3900 ns, Total: 94100 ns
[2021-05-14T07:13:01.958+0000][14724][safepoint   ] Safepoint "Cleanup", Time since last: 1010554500 ns, Reaching safepoint: 113200 ns, At safepoint: 4900 ns, Total: 118100 ns
[2021-05-14T07:13:02.971+0000][14724][safepoint   ] Safepoint "Cleanup", Time since last: 1012684800 ns, Reaching safepoint: 102400 ns, At safepoint: 3600 ns, Total: 106000 ns
[2021-05-14T07:13:03.986+0000][14724][safepoint   ] Safepoint "Cleanup", Time since last: 1015116600 ns, Reaching safepoint: 156800 ns, At safepoint: 3600 ns, Total: 160400 ns
[2021-05-14T07:13:04.989+0000][14724][safepoint   ] Safepoint "Cleanup", Time since last: 1002754900 ns, Reaching safepoint: 161800 ns, At safepoint: 22400 ns, Total: 184200 ns
[2021-05-14T07:13:15.085+0000][14724][safepoint   ] Safepoint "Cleanup", Time since last: 10095699800 ns, Reaching safepoint: 191800 ns, At safepoint: 14400 ns, Total: 206200 ns
[2021-05-14T07:13:19.104+0000][14724][safepoint   ] Safepoint "Cleanup", Time since last: 4018713300 ns, Reaching safepoint: 260600 ns, At safepoint: 16000 ns, Total: 276600 ns
[2021-05-14T07:13:22.129+0000][14724][safepoint   ] Safepoint "Cleanup", Time since last: 3024598000 ns, Reaching safepoint: 101500 ns, At safepoint: 5200 ns, Total: 106700 ns
[2021-05-14T07:13:23.138+0000][14724][safepoint   ] Safepoint "Cleanup", Time since last: 1009123800 ns, Reaching safepoint: 105100 ns, At safepoint: 6300 ns, Total: 111400 ns
[2021-05-14T07:13:24.144+0000][14724][safepoint   ] Safepoint "Cleanup", Time since last: 1006038700 ns, Reaching safepoint: 258200 ns, At safepoint: 21600 ns, Total: 279800 ns
[2021-05-14T07:13:27.151+0000][14724][safepoint   ] Safepoint "Cleanup", Time since last: 3006729400 ns, Reaching safepoint: 109100 ns, At safepoint: 17000 ns, Total: 126100 ns
[2021-05-14T07:13:33.213+0000][14724][safepoint   ] Safepoint "Cleanup", Time since last: 6061878900 ns, Reaching safepoint: 129700 ns, At safepoint: 4100 ns, Total: 133800 ns
[2021-05-14T07:13:35.235+0000][14724][safepoint   ] Safepoint "Cleanup", Time since last: 2022326700 ns, Reaching safepoint: 157100 ns, At safepoint: 16400 ns, Total: 173500 ns
[2021-05-14T07:13:43.297+0000][14724][safepoint   ] Safepoint "Cleanup", Time since last: 8061579500 ns, Reaching safepoint: 129000 ns, At safepoint: 5000 ns, Total: 134000 ns
[2021-05-14T07:13:48.343+0000][14724][safepoint   ] Safepoint "Cleanup", Time since last: 5045376700 ns, Reaching safepoint: 111300 ns, At safepoint: 4000 ns, Total: 115300 ns
[2021-05-14T07:14:03.494+0000][14724][safepoint   ] Safepoint "Cleanup", Time since last: 15151463000 ns, Reaching safepoint: 178200 ns, At safepoint: 18600 ns, Total: 196800 ns
[2021-05-14T07:14:05.508+0000][14724][safepoint   ] Safepoint "Cleanup", Time since last: 2013872100 ns, Reaching safepoint: 184500 ns, At safepoint: 16400 ns, Total: 200900 ns
[2021-05-14T07:14:07.525+0000][14724][safepoint   ] Safepoint "Cleanup", Time since last: 2016699800 ns, Reaching safepoint: 56100 ns, At safepoint: 6500 ns, Total: 62600 ns
[2021-05-14T07:14:08.540+0000][14724][safepoint   ] Safepoint "Cleanup", Time since last: 1014359400 ns, Reaching safepoint: 200300 ns, At safepoint: 43300 ns, Total: 243600 ns
[2021-05-14T07:14:12.569+0000][14724][safepoint   ] Safepoint "Cleanup", Time since last: 4029035700 ns, Reaching safepoint: 232700 ns, At safepoint: 14200 ns, Total: 246900 ns
[2021-05-14T07:14:18.607+0000][14724][safepoint   ] Safepoint "Cleanup", Time since last: 6037343400 ns, Reaching safepoint: 176300 ns, At safepoint: 35900 ns, Total: 212200 ns
[2021-05-14T07:14:20.627+0000][14724][safepoint   ] Safepoint "Cleanup", Time since last: 2019982600 ns, Reaching safepoint: 255700 ns, At safepoint: 14900 ns, Total: 270600 ns
[2021-05-14T07:14:21.636+0000][14724][safepoint   ] Safepoint "Cleanup", Time since last: 1009525000 ns, Reaching safepoint: 272600 ns, At safepoint: 15800 ns, Total: 288400 ns
[2021-05-14T07:14:22.640+0000][14724][safepoint   ] Safepoint "Cleanup", Time since last: 1003281100 ns, Reaching safepoint: 156000 ns, At safepoint: 3300 ns, Total: 159300 ns
[2021-05-14T07:14:23.649+0000][14724][safepoint   ] Safepoint "Cleanup", Time since last: 1008453000 ns, Reaching safepoint: 316800 ns, At safepoint: 14700 ns, Total: 331500 ns
[2021-05-14T07:14:27.697+0000][14724][safepoint   ] Safepoint "Cleanup", Time since last: 4048023300 ns, Reaching safepoint: 97200 ns, At safepoint: 80000 ns, Total: 177200 ns
[2021-05-14T07:14:30.717+0000][14724][safepoint   ] Safepoint "Cleanup", Time since last: 3020227600 ns, Reaching safepoint: 181700 ns, At safepoint: 16100 ns, Total: 197800 ns
[2021-05-14T07:14:31.727+0000][14724][safepoint   ] Safepoint "Cleanup", Time since last: 1009253100 ns, Reaching safepoint: 138500 ns, At safepoint: 7000 ns, Total: 145500 ns
[2021-05-14T07:14:34.758+0000][14724][safepoint   ] Safepoint "Cleanup", Time since last: 3031392200 ns, Reaching safepoint: 294200 ns, At safepoint: 17700 ns, Total: 311900 ns
[2021-05-14T07:14:39.792+0000][14724][safepoint   ] Safepoint "Cleanup", Time since last: 5033097000 ns, Reaching safepoint: 161200 ns, At safepoint: 5100 ns, Total: 166300 ns
[2021-05-14T07:14:41.820+0000][14724][safepoint   ] Safepoint "Cleanup", Time since last: 2027859200 ns, Reaching safepoint: 234400 ns, At safepoint: 15900 ns, Total: 250300 ns
[2021-05-14T07:14:43.829+0000][14724][safepoint   ] Safepoint "Cleanup", Time since last: 2009250800 ns, Reaching safepoint: 153800 ns, At safepoint: 5000 ns, Total: 158800 ns
[2021-05-14T07:14:44.842+0000][14724][safepoint   ] Safepoint "Cleanup", Time since last: 1012190000 ns, Reaching safepoint: 228700 ns, At safepoint: 21900 ns, Total: 250600 ns
[2021-05-14T07:14:47.861+0000][14724][safepoint   ] Safepoint "Cleanup", Time since last: 3019027800 ns, Reaching safepoint: 151400 ns, At safepoint: 6500 ns, Total: 157900 ns
[2021-05-14T07:14:48.862+0000][14724][safepoint   ] Safepoint "Cleanup", Time since last: 1000363100 ns, Reaching safepoint: 89800 ns, At safepoint: 4700 ns, Total: 94500 ns
[2021-05-14T07:14:49.864+0000][14724][safepoint   ] Safepoint "Cleanup", Time since last: 1002206800 ns, Reaching safepoint: 126700 ns, At safepoint: 4900 ns, Total: 131600 ns
[2021-05-14T07:14:50.877+0000][14724][safepoint   ] Safepoint "Cleanup", Time since last: 1012678600 ns, Reaching safepoint: 235800 ns, At safepoint: 21100 ns, Total: 256900 ns
[2021-05-14T07:14:53.914+0000][14724][safepoint   ] Safepoint "Cleanup", Time since last: 3037124100 ns, Reaching safepoint: 216100 ns, At safepoint: 16000 ns, Total: 232100 ns
[2021-05-14T07:14:59.964+0000][14724][safepoint   ] Safepoint "Cleanup", Time since last: 6049420700 ns, Reaching safepoint: 268500 ns, At safepoint: 14800 ns, Total: 283300 ns
[2021-05-14T07:15:01.985+0000][14724][safepoint   ] Safepoint "Cleanup", Time since last: 2020696100 ns, Reaching safepoint: 254700 ns, At safepoint: 15300 ns, Total: 270000 ns
[2021-05-14T07:15:19.423+0000][14724][safepoint   ] Safepoint "Cleanup", Time since last: 17438495100 ns, Reaching safepoint: 157900 ns, At safepoint: 46900 ns, Total: 204800 ns
[2021-05-14T07:15:20.428+0000][14724][safepoint   ] Safepoint "Cleanup", Time since last: 1004084000 ns, Reaching safepoint: 207100 ns, At safepoint: 88700 ns, Total: 295800 ns
[2021-05-14T07:15:23.455+0000][14724][safepoint   ] Safepoint "Cleanup", Time since last: 3026822700 ns, Reaching safepoint: 257300 ns, At safepoint: 16000 ns, Total: 273300 ns
[2021-05-14T07:15:24.467+0000][14724][safepoint   ] Safepoint "Cleanup", Time since last: 1011547300 ns, Reaching safepoint: 117400 ns, At safepoint: 5500 ns, Total: 122900 ns
[2021-05-14T07:15:27.482+0000][14724][safepoint   ] Safepoint "Cleanup", Time since last: 3015300000 ns, Reaching safepoint: 109400 ns, At safepoint: 5000 ns, Total: 114400 ns
[2021-05-14T07:15:35.568+0000][14724][safepoint   ] Safepoint "Cleanup", Time since last: 8085264300 ns, Reaching safepoint: 253900 ns, At safepoint: 15300 ns, Total: 269200 ns
[2021-05-14T07:15:47.492+0000][14724][gc,start    ] GC(9) Pause Young (Normal) (G1 Evacuation Pause)
[2021-05-14T07:15:47.492+0000][14724][gc,task     ] GC(9) Using 10 workers of 10 for evacuation
[2021-05-14T07:15:47.492+0000][14724][gc,age      ] GC(9) Desired survivor size 54525952 bytes, new threshold 5 (max threshold 15)
[2021-05-14T07:15:47.523+0000][14724][gc,age      ] GC(9) Age table with threshold 5 (max threshold 15)
[2021-05-14T07:15:47.523+0000][14724][gc,age      ] GC(9) - age   1:   26328816 bytes,   26328816 total
[2021-05-14T07:15:47.523+0000][14724][gc,age      ] GC(9) - age   2:   10752816 bytes,   37081632 total
[2021-05-14T07:15:47.523+0000][14724][gc,age      ] GC(9) - age   3:   38481584 bytes,   75563216 total
[2021-05-14T07:15:47.523+0000][14724][gc,age      ] GC(9) - age   4:     513176 bytes,   76076392 total
[2021-05-14T07:15:47.523+0000][14724][gc,age      ] GC(9) - age   5:    2915376 bytes,   78991768 total
[2021-05-14T07:15:47.523+0000][14724][gc,phases   ] GC(9)   Pre Evacuate Collection Set: 0.2ms
[2021-05-14T07:15:47.523+0000][14724][gc,phases   ] GC(9)   Merge Heap Roots: 0.1ms
[2021-05-14T07:15:47.523+0000][14724][gc,phases   ] GC(9)   Evacuate Collection Set: 28.2ms
[2021-05-14T07:15:47.523+0000][14724][gc,phases   ] GC(9)   Post Evacuate Collection Set: 2.2ms
[2021-05-14T07:15:47.523+0000][14724][gc,phases   ] GC(9)   Other: 0.2ms
[2021-05-14T07:15:47.523+0000][14724][gc,heap     ] GC(9) Eden regions: 92->0(90)
[2021-05-14T07:15:47.523+0000][14724][gc,heap     ] GC(9) Survivor regions: 9->11(13)
[2021-05-14T07:15:47.523+0000][14724][gc,heap     ] GC(9) Old regions: 0->2
[2021-05-14T07:15:47.523+0000][14724][gc,heap     ] GC(9) Archive regions: 0->0
[2021-05-14T07:15:47.523+0000][14724][gc,heap     ] GC(9) Humongous regions: 0->0
[2021-05-14T07:15:47.523+0000][14724][gc,metaspace] GC(9) Metaspace: 97277K(98752K)->97277K(98752K) NonClass: 83993K(84864K)->83993K(84864K) Class: 13284K(13888K)->13284K(13888K)
[2021-05-14T07:15:47.523+0000][14724][gc          ] GC(9) Pause Young (Normal) (G1 Evacuation Pause) 808M->96M(16264M) 30.975ms
[2021-05-14T07:15:47.523+0000][14724][gc,cpu      ] GC(9) User=0.31s Sys=0.00s Real=0.03s
[2021-05-14T07:15:47.523+0000][14724][safepoint   ] Safepoint "G1CollectForAllocation", Time since last: 11924322800 ns, Reaching safepoint: 112700 ns, At safepoint: 31092400 ns, Total: 31205100 ns
[2021-05-14T07:15:48.524+0000][14724][safepoint   ] Safepoint "Cleanup", Time since last: 1000506100 ns, Reaching safepoint: 203900 ns, At safepoint: 3600 ns, Total: 207500 ns
[2021-05-14T07:15:53.574+0000][14724][safepoint   ] Safepoint "Cleanup", Time since last: 5050273400 ns, Reaching safepoint: 236400 ns, At safepoint: 16600 ns, Total: 253000 ns
[2021-05-14T07:15:55.599+0000][14724][safepoint   ] Safepoint "Cleanup", Time since last: 2024551200 ns, Reaching safepoint: 236500 ns, At safepoint: 15800 ns, Total: 252300 ns
[2021-05-14T07:15:56.614+0000][14724][safepoint   ] Safepoint "Cleanup", Time since last: 1014673300 ns, Reaching safepoint: 149300 ns, At safepoint: 3900 ns, Total: 153200 ns
[2021-05-14T07:15:57.619+0000][14724][safepoint   ] Safepoint "Cleanup", Time since last: 1004762100 ns, Reaching safepoint: 176700 ns, At safepoint: 5200 ns, Total: 181900 ns
[2021-05-14T07:16:00.636+0000][14724][safepoint   ] Safepoint "Cleanup", Time since last: 3017317000 ns, Reaching safepoint: 201300 ns, At safepoint: 21100 ns, Total: 222400 ns
[2021-05-14T07:16:05.676+0000][14724][safepoint   ] Safepoint "Cleanup", Time since last: 5039928000 ns, Reaching safepoint: 223500 ns, At safepoint: 15700 ns, Total: 239200 ns
[2021-05-14T07:16:20.828+0000][14724][safepoint   ] Safepoint "Cleanup", Time since last: 15151585100 ns, Reaching safepoint: 260900 ns, At safepoint: 16000 ns, Total: 276900 ns
[2021-05-14T07:16:21.832+0000][14724][safepoint   ] Safepoint "Cleanup", Time since last: 1003798700 ns, Reaching safepoint: 174100 ns, At safepoint: 5900 ns, Total: 180000 ns
[2021-05-14T07:16:22.844+0000][14724][safepoint   ] Safepoint "Cleanup", Time since last: 1011798500 ns, Reaching safepoint: 138800 ns, At safepoint: 4200 ns, Total: 143000 ns
[2021-05-14T07:16:23.852+0000][14724][safepoint   ] Safepoint "Cleanup", Time since last: 1007249400 ns, Reaching safepoint: 60200 ns, At safepoint: 6600 ns, Total: 66800 ns
[2021-05-14T07:16:24.860+0000][14724][safepoint   ] Safepoint "Cleanup", Time since last: 1008199700 ns, Reaching safepoint: 205900 ns, At safepoint: 9000 ns, Total: 214900 ns
[2021-05-14T07:16:25.861+0000][14724][safepoint   ] Safepoint "Cleanup", Time since last: 1000907500 ns, Reaching safepoint: 152700 ns, At safepoint: 3900 ns, Total: 156600 ns
[2021-05-14T07:16:27.877+0000][14724][safepoint   ] Safepoint "Cleanup", Time since last: 2015173000 ns, Reaching safepoint: 72200 ns, At safepoint: 7600 ns, Total: 79800 ns
[2021-05-14T07:16:51.052+0000][14724][safepoint   ] Safepoint "Cleanup", Time since last: 23175088400 ns, Reaching safepoint: 173400 ns, At safepoint: 49000 ns, Total: 222400 ns
[2021-05-14T07:16:54.091+0000][14724][safepoint   ] Safepoint "Cleanup", Time since last: 3038618300 ns, Reaching safepoint: 230000 ns, At safepoint: 17200 ns, Total: 247200 ns
[2021-05-14T07:16:58.121+0000][14724][safepoint   ] Safepoint "Cleanup", Time since last: 4030342600 ns, Reaching safepoint: 148200 ns, At safepoint: 11900 ns, Total: 160100 ns
[2021-05-14T07:17:01.150+0000][14724][safepoint   ] Safepoint "Cleanup", Time since last: 3029123700 ns, Reaching safepoint: 229300 ns, At safepoint: 18600 ns, Total: 247900 ns
[2021-05-14T07:17:40.521+0000][14724][safepoint   ] Safepoint "Cleanup", Time since last: 39370278300 ns, Reaching safepoint: 240800 ns, At safepoint: 6800 ns, Total: 247600 ns
[2021-05-14T07:17:47.591+0000][14724][safepoint   ] Safepoint "Cleanup", Time since last: 7069621600 ns, Reaching safepoint: 147800 ns, At safepoint: 9100 ns, Total: 156900 ns
[2021-05-14T07:17:48.605+0000][14724][safepoint   ] Safepoint "Cleanup", Time since last: 1014341200 ns, Reaching safepoint: 173800 ns, At safepoint: 17000 ns, Total: 190800 ns
[2021-05-14T07:17:53.647+0000][14724][safepoint   ] Safepoint "Cleanup", Time since last: 5040799100 ns, Reaching safepoint: 346700 ns, At safepoint: 99400 ns, Total: 446100 ns
[2021-05-14T07:18:23.925+0000][14724][safepoint   ] Safepoint "Cleanup", Time since last: 30277940500 ns, Reaching safepoint: 216400 ns, At safepoint: 6700 ns, Total: 223100 ns
[2021-05-14T07:18:27.970+0000][14724][safepoint   ] Safepoint "Cleanup", Time since last: 4045467400 ns, Reaching safepoint: 197900 ns, At safepoint: 6200 ns, Total: 204100 ns
[2021-05-14T07:19:25.390+0000][14724][safepoint   ] Safepoint "Cleanup", Time since last: 57419558200 ns, Reaching safepoint: 137200 ns, At safepoint: 6400 ns, Total: 143600 ns
[2021-05-14T07:20:10.773+0000][14724][safepoint   ] Safepoint "Cleanup", Time since last: 45382346500 ns, Reaching safepoint: 280100 ns, At safepoint: 18100 ns, Total: 298200 ns
[2021-05-14T07:20:23.895+0000][14724][safepoint   ] Safepoint "Cleanup", Time since last: 13121832900 ns, Reaching safepoint: 161600 ns, At safepoint: 5600 ns, Total: 167200 ns
[2021-05-14T07:20:27.920+0000][14724][safepoint   ] Safepoint "Cleanup", Time since last: 4025525600 ns, Reaching safepoint: 207900 ns, At safepoint: 35500 ns, Total: 243400 ns
[2021-05-14T07:20:35.988+0000][14724][safepoint   ] Safepoint "Cleanup", Time since last: 8066831200 ns, Reaching safepoint: 153300 ns, At safepoint: 5300 ns, Total: 158600 ns
[2021-05-14T07:20:58.129+0000][14724][safepoint   ] Safepoint "Cleanup", Time since last: 22141253100 ns, Reaching safepoint: 196100 ns, At safepoint: 17400 ns, Total: 213500 ns
[2021-05-14T07:20:59.133+0000][14724][safepoint   ] Safepoint "Cleanup", Time since last: 1003908500 ns, Reaching safepoint: 194900 ns, At safepoint: 5600 ns, Total: 200500 ns
[2021-05-14T07:21:24.340+0000][14724][safepoint   ] Safepoint "Cleanup", Time since last: 25206813900 ns, Reaching safepoint: 246300 ns, At safepoint: 18400 ns, Total: 264700 ns
[2021-05-14T07:21:53.579+0000][14724][safepoint   ] Safepoint "Cleanup", Time since last: 29239058000 ns, Reaching safepoint: 116800 ns, At safepoint: 48200 ns, Total: 165000 ns
[2021-05-14T07:22:39.938+0000][14724][safepoint   ] Safepoint "Cleanup", Time since last: 46358585200 ns, Reaching safepoint: 255100 ns, At safepoint: 19200 ns, Total: 274300 ns
[2021-05-14T07:22:51.013+0000][14724][safepoint   ] Safepoint "Cleanup", Time since last: 11074336100 ns, Reaching safepoint: 241200 ns, At safepoint: 16600 ns, Total: 257800 ns
[2021-05-14T07:22:52.019+0000][14724][safepoint   ] Safepoint "Cleanup", Time since last: 1005458300 ns, Reaching safepoint: 46900 ns, At safepoint: 6300 ns, Total: 53200 ns
[2021-05-14T07:22:53.029+0000][14724][safepoint   ] Safepoint "Cleanup", Time since last: 1010613000 ns, Reaching safepoint: 167400 ns, At safepoint: 63800 ns, Total: 231200 ns
[2021-05-14T07:22:54.041+0000][14724][safepoint   ] Safepoint "Cleanup", Time since last: 1012071400 ns, Reaching safepoint: 131700 ns, At safepoint: 12100 ns, Total: 143800 ns
[2021-05-14T07:23:24.303+0000][14724][safepoint   ] Safepoint "Cleanup", Time since last: 30261466500 ns, Reaching safepoint: 120300 ns, At safepoint: 10100 ns, Total: 130400 ns
[2021-05-14T07:23:43.457+0000][14724][safepoint   ] Safepoint "Cleanup", Time since last: 19153867100 ns, Reaching safepoint: 116900 ns, At safepoint: 51900 ns, Total: 168800 ns
[2021-05-14T07:23:54.524+0000][14724][safepoint   ] Safepoint "Cleanup", Time since last: 11066962900 ns, Reaching safepoint: 270800 ns, At safepoint: 18600 ns, Total: 289400 ns
[2021-05-14T07:24:19.773+0000][14724][safepoint   ] Safepoint "Cleanup", Time since last: 25248272600 ns, Reaching safepoint: 117200 ns, At safepoint: 21100 ns, Total: 138300 ns
[2021-05-14T07:24:42.958+0000][14724][safepoint   ] Safepoint "Cleanup", Time since last: 23185047400 ns, Reaching safepoint: 267000 ns, At safepoint: 17800 ns, Total: 284800 ns
[2021-05-14T07:24:55.065+0000][14724][safepoint   ] Safepoint "Cleanup", Time since last: 12106951200 ns, Reaching safepoint: 138000 ns, At safepoint: 7200 ns, Total: 145200 ns
[2021-05-14T07:24:58.099+0000][14724][safepoint   ] Safepoint "Cleanup", Time since last: 3033593900 ns, Reaching safepoint: 159700 ns, At safepoint: 4400 ns, Total: 164100 ns
[2021-05-14T07:25:08.209+0000][14724][safepoint   ] Safepoint "Cleanup", Time since last: 10109584200 ns, Reaching safepoint: 242800 ns, At safepoint: 87000 ns, Total: 329800 ns
[2021-05-14T07:25:22.322+0000][14724][safepoint   ] Safepoint "Cleanup", Time since last: 14112864000 ns, Reaching safepoint: 237900 ns, At safepoint: 18500 ns, Total: 256400 ns
[2021-05-14T07:25:23.327+0000][14724][safepoint   ] Safepoint "Cleanup", Time since last: 1004633900 ns, Reaching safepoint: 263500 ns, At safepoint: 18900 ns, Total: 282400 ns
[2021-05-14T07:25:29.686+0000][14724][gc,start    ] GC(10) Pause Young (Normal) (G1 Evacuation Pause)
[2021-05-14T07:25:29.686+0000][14724][gc,task     ] GC(10) Using 10 workers of 10 for evacuation
[2021-05-14T07:25:29.686+0000][14724][gc,age      ] GC(10) Desired survivor size 54525952 bytes, new threshold 3 (max threshold 15)
[2021-05-14T07:25:29.714+0000][14724][gc,age      ] GC(10) Age table with threshold 3 (max threshold 15)
[2021-05-14T07:25:29.714+0000][14724][gc,age      ] GC(10) - age   1:    7550216 bytes,    7550216 total
[2021-05-14T07:25:29.714+0000][14724][gc,age      ] GC(10) - age   2:   26013264 bytes,   33563480 total
[2021-05-14T07:25:29.714+0000][14724][gc,age      ] GC(10) - age   3:   10752720 bytes,   44316200 total
[2021-05-14T07:25:29.714+0000][14724][gc,phases   ] GC(10)   Pre Evacuate Collection Set: 0.2ms
[2021-05-14T07:25:29.714+0000][14724][gc,phases   ] GC(10)   Merge Heap Roots: 0.1ms
[2021-05-14T07:25:29.714+0000][14724][gc,phases   ] GC(10)   Evacuate Collection Set: 25.3ms
[2021-05-14T07:25:29.714+0000][14724][gc,phases   ] GC(10)   Post Evacuate Collection Set: 1.6ms
[2021-05-14T07:25:29.714+0000][14724][gc,phases   ] GC(10)   Other: 0.2ms
[2021-05-14T07:25:29.714+0000][14724][gc,heap     ] GC(10) Eden regions: 90->0(132)
[2021-05-14T07:25:29.714+0000][14724][gc,heap     ] GC(10) Survivor regions: 11->7(13)
[2021-05-14T07:25:29.714+0000][14724][gc,heap     ] GC(10) Old regions: 2->8
[2021-05-14T07:25:29.714+0000][14724][gc,heap     ] GC(10) Archive regions: 0->0
[2021-05-14T07:25:29.714+0000][14724][gc,heap     ] GC(10) Humongous regions: 0->0
[2021-05-14T07:25:29.714+0000][14724][gc,metaspace] GC(10) Metaspace: 97829K(99264K)->97829K(99264K) NonClass: 84515K(85312K)->84515K(85312K) Class: 13314K(13952K)->13314K(13952K)
[2021-05-14T07:25:29.714+0000][14724][gc          ] GC(10) Pause Young (Normal) (G1 Evacuation Pause) 816M->106M(16264M) 27.493ms
[2021-05-14T07:25:29.714+0000][14724][gc,cpu      ] GC(10) User=0.27s Sys=0.02s Real=0.03s
[2021-05-14T07:25:29.714+0000][14724][safepoint   ] Safepoint "G1CollectForAllocation", Time since last: 6359258900 ns, Reaching safepoint: 136900 ns, At safepoint: 27614900 ns, Total: 27751800 ns
[2021-05-14T07:25:52.931+0000][14724][safepoint   ] Safepoint "Cleanup", Time since last: 23216774300 ns, Reaching safepoint: 125300 ns, At safepoint: 5500 ns, Total: 130800 ns
[2021-05-14T07:26:23.167+0000][14724][safepoint   ] Safepoint "Cleanup", Time since last: 30235682000 ns, Reaching safepoint: 248100 ns, At safepoint: 16800 ns, Total: 264900 ns
[2021-05-14T07:26:34.254+0000][14724][safepoint   ] Safepoint "Cleanup", Time since last: 11086878400 ns, Reaching safepoint: 115000 ns, At safepoint: 4400 ns, Total: 119400 ns
[2021-05-14T07:26:40.309+0000][14724][safepoint   ] Safepoint "Cleanup", Time since last: 6055152000 ns, Reaching safepoint: 50600 ns, At safepoint: 9000 ns, Total: 59600 ns
[2021-05-14T07:26:45.352+0000][14724][safepoint   ] Safepoint "Cleanup", Time since last: 5042255800 ns, Reaching safepoint: 147400 ns, At safepoint: 6300 ns, Total: 153700 ns
[2021-05-14T07:26:54.451+0000][14724][safepoint   ] Safepoint "Cleanup", Time since last: 9099981100 ns, Reaching safepoint: 228000 ns, At safepoint: 17100 ns, Total: 245100 ns
[2021-05-14T07:27:12.628+0000][14724][safepoint   ] Safepoint "Cleanup", Time since last: 18176384400 ns, Reaching safepoint: 76800 ns, At safepoint: 6200 ns, Total: 83000 ns
[2021-05-14T07:27:23.728+0000][14724][safepoint   ] Safepoint "Cleanup", Time since last: 11100110400 ns, Reaching safepoint: 141000 ns, At safepoint: 4700 ns, Total: 145700 ns
[2021-05-14T07:27:26.744+0000][14724][safepoint   ] Safepoint "Cleanup", Time since last: 3015058600 ns, Reaching safepoint: 282700 ns, At safepoint: 16500 ns, Total: 299200 ns
[2021-05-14T07:27:59.978+0000][14724][safepoint   ] Safepoint "Cleanup", Time since last: 33234433200 ns, Reaching safepoint: 243300 ns, At safepoint: 16700 ns, Total: 260000 ns
[2021-05-14T07:28:46.442+0000][14724][safepoint   ] Safepoint "Cleanup", Time since last: 46463631500 ns, Reaching safepoint: 150500 ns, At safepoint: 8300 ns, Total: 158800 ns
[2021-05-14T07:29:16.713+0000][14724][safepoint   ] Safepoint "Cleanup", Time since last: 30270287200 ns, Reaching safepoint: 228200 ns, At safepoint: 17700 ns, Total: 245900 ns
[2021-05-14T07:29:54.001+0000][14724][safepoint   ] Safepoint "Cleanup", Time since last: 37287880600 ns, Reaching safepoint: 119500 ns, At safepoint: 9100 ns, Total: 128600 ns
[2021-05-14T07:31:45.965+0000][14724][safepoint   ] Safepoint "Cleanup", Time since last: 111964281300 ns, Reaching safepoint: 173700 ns, At safepoint: 4700 ns, Total: 178400 ns
[2021-05-14T07:31:58.063+0000][14724][safepoint   ] Safepoint "Cleanup", Time since last: 12097973900 ns, Reaching safepoint: 146400 ns, At safepoint: 52100 ns, Total: 198500 ns
[2021-05-14T07:32:14.227+0000][14724][safepoint   ] Safepoint "Cleanup", Time since last: 16163718300 ns, Reaching safepoint: 205100 ns, At safepoint: 99200 ns, Total: 304300 ns
[2021-05-14T07:32:20.257+0000][14724][safepoint   ] Safepoint "Cleanup", Time since last: 6029604600 ns, Reaching safepoint: 217400 ns, At safepoint: 18500 ns, Total: 235900 ns
[2021-05-14T07:32:28.332+0000][14724][safepoint   ] Safepoint "Cleanup", Time since last: 8075090700 ns, Reaching safepoint: 207400 ns, At safepoint: 135900 ns, Total: 343300 ns
[2021-05-14T07:32:54.580+0000][14724][safepoint   ] Safepoint "Cleanup", Time since last: 26247435300 ns, Reaching safepoint: 238800 ns, At safepoint: 18300 ns, Total: 257100 ns
[2021-05-14T07:33:47.003+0000][14724][safepoint   ] Safepoint "Cleanup", Time since last: 52422428300 ns, Reaching safepoint: 71000 ns, At safepoint: 7200 ns, Total: 78200 ns
[2021-05-14T07:33:52.049+0000][14724][safepoint   ] Safepoint "Cleanup", Time since last: 5045878700 ns, Reaching safepoint: 288000 ns, At safepoint: 20500 ns, Total: 308500 ns
[2021-05-14T07:34:07.162+0000][14724][safepoint   ] Safepoint "Cleanup", Time since last: 15112441000 ns, Reaching safepoint: 177500 ns, At safepoint: 5300 ns, Total: 182800 ns
[2021-05-14T07:34:36.396+0000][14724][safepoint   ] Safepoint "Cleanup", Time since last: 29233858500 ns, Reaching safepoint: 68600 ns, At safepoint: 49200 ns, Total: 117800 ns
[2021-05-14T07:34:41.451+0000][14724][safepoint   ] Safepoint "Cleanup", Time since last: 5055237000 ns, Reaching safepoint: 147100 ns, At safepoint: 5700 ns, Total: 152800 ns
[2021-05-14T07:34:54.548+0000][14724][safepoint   ] Safepoint "Cleanup", Time since last: 13096402500 ns, Reaching safepoint: 194700 ns, At safepoint: 14600 ns, Total: 209300 ns
[2021-05-14T07:35:06.656+0000][14724][safepoint   ] Safepoint "Cleanup", Time since last: 12107834100 ns, Reaching safepoint: 172300 ns, At safepoint: 20000 ns, Total: 192300 ns
[2021-05-14T07:35:13.730+0000][14724][safepoint   ] Safepoint "Cleanup", Time since last: 7073837500 ns, Reaching safepoint: 249900 ns, At safepoint: 18100 ns, Total: 268000 ns
[2021-05-14T07:35:23.819+0000][14724][safepoint   ] Safepoint "Cleanup", Time since last: 10088712900 ns, Reaching safepoint: 209400 ns, At safepoint: 23100 ns, Total: 232500 ns
[2021-05-14T07:36:21.321+0000][14724][safepoint   ] Safepoint "Cleanup", Time since last: 57502333700 ns, Reaching safepoint: 267700 ns, At safepoint: 22800 ns, Total: 290500 ns
[2021-05-14T07:36:22.322+0000][14724][safepoint   ] Safepoint "Cleanup", Time since last: 1000943200 ns, Reaching safepoint: 114900 ns, At safepoint: 5500 ns, Total: 120400 ns
[2021-05-14T07:36:24.349+0000][14724][safepoint   ] Safepoint "Cleanup", Time since last: 2026726800 ns, Reaching safepoint: 112500 ns, At safepoint: 5300 ns, Total: 117800 ns
[2021-05-14T07:36:47.583+0000][14724][safepoint   ] Safepoint "Cleanup", Time since last: 23233134100 ns, Reaching safepoint: 300100 ns, At safepoint: 18600 ns, Total: 318700 ns
[2021-05-14T07:37:34.780+0000][14724][safepoint   ] Safepoint "ICBufferFull", Time since last: 47197400500 ns, Reaching safepoint: 105400 ns, At safepoint: 9000 ns, Total: 114400 ns
[2021-05-14T07:37:34.814+0000][14724][gc,start    ] GC(11) Pause Young (Concurrent Start) (Metadata GC Threshold)
[2021-05-14T07:37:34.814+0000][14724][gc,task     ] GC(11) Using 10 workers of 10 for evacuation
[2021-05-14T07:37:34.814+0000][14724][gc,age      ] GC(11) Desired survivor size 71303168 bytes, new threshold 15 (max threshold 15)
[2021-05-14T07:37:34.828+0000][14724][gc,age      ] GC(11) Age table with threshold 15 (max threshold 15)
[2021-05-14T07:37:34.828+0000][14724][gc,age      ] GC(11) - age   1:    3961456 bytes,    3961456 total
[2021-05-14T07:37:34.828+0000][14724][gc,age      ] GC(11) - age   2:    7536376 bytes,   11497832 total
[2021-05-14T07:37:34.828+0000][14724][gc,age      ] GC(11) - age   3:   25774120 bytes,   37271952 total
[2021-05-14T07:37:34.828+0000][14724][gc,age      ] GC(11) - age   4:   10752720 bytes,   48024672 total
[2021-05-14T07:37:34.828+0000][14724][gc,phases   ] GC(11)   Pre Evacuate Collection Set: 0.1ms
[2021-05-14T07:37:34.828+0000][14724][gc,phases   ] GC(11)   Merge Heap Roots: 0.1ms
[2021-05-14T07:37:34.828+0000][14724][gc,phases   ] GC(11)   Evacuate Collection Set: 12.7ms
[2021-05-14T07:37:34.828+0000][14724][gc,phases   ] GC(11)   Post Evacuate Collection Set: 0.8ms
[2021-05-14T07:37:34.828+0000][14724][gc,phases   ] GC(11)   Other: 0.3ms
[2021-05-14T07:37:34.828+0000][14724][gc,heap     ] GC(11) Eden regions: 109->0(1212)
[2021-05-14T07:37:34.828+0000][14724][gc,heap     ] GC(11) Survivor regions: 7->7(17)
[2021-05-14T07:37:34.828+0000][14724][gc,heap     ] GC(11) Old regions: 8->8
[2021-05-14T07:37:34.828+0000][14724][gc,heap     ] GC(11) Archive regions: 0->0
[2021-05-14T07:37:34.828+0000][14724][gc,heap     ] GC(11) Humongous regions: 0->0
[2021-05-14T07:37:34.828+0000][14724][gc,metaspace] GC(11) Metaspace: 98223K(99648K)->98223K(99648K) NonClass: 84903K(85696K)->84903K(85696K) Class: 13320K(13952K)->13320K(13952K)
[2021-05-14T07:37:34.828+0000][14724][gc          ] GC(11) Pause Young (Concurrent Start) (Metadata GC Threshold) 972M->106M(16264M) 14.117ms
[2021-05-14T07:37:34.828+0000][14724][gc,cpu      ] GC(11) User=0.02s Sys=0.00s Real=0.01s
[2021-05-14T07:37:34.828+0000][14724][gc          ] GC(12) Concurrent Mark Cycle
[2021-05-14T07:37:34.828+0000][14724][safepoint   ] Safepoint "CollectForMetadataAllocation", Time since last: 33959500 ns, Reaching safepoint: 59500 ns, At safepoint: 14230500 ns, Total: 14290000 ns
[2021-05-14T07:37:34.828+0000][14724][gc,marking  ] GC(12) Concurrent Clear Claimed Marks
[2021-05-14T07:37:34.828+0000][14724][gc,marking  ] GC(12) Concurrent Clear Claimed Marks 0.109ms
[2021-05-14T07:37:34.828+0000][14724][gc,marking  ] GC(12) Concurrent Scan Root Regions
[2021-05-14T07:37:34.837+0000][14724][gc,marking  ] GC(12) Concurrent Scan Root Regions 8.630ms
[2021-05-14T07:37:34.837+0000][14724][gc,marking  ] GC(12) Concurrent Mark
[2021-05-14T07:37:34.837+0000][14724][gc,marking  ] GC(12) Concurrent Mark From Roots
[2021-05-14T07:37:34.837+0000][14724][gc,task     ] GC(12) Using 3 workers of 3 for marking
[2021-05-14T07:37:34.862+0000][14724][gc,marking  ] GC(12) Concurrent Mark From Roots 25.062ms
[2021-05-14T07:37:34.862+0000][14724][gc,marking  ] GC(12) Concurrent Preclean
[2021-05-14T07:37:34.862+0000][14724][gc,marking  ] GC(12) Concurrent Preclean 0.187ms
[2021-05-14T07:37:34.862+0000][14724][gc,start    ] GC(12) Pause Remark
[2021-05-14T07:37:34.865+0000][14724][gc          ] GC(12) Pause Remark 150M->150M(16264M) 2.692ms
[2021-05-14T07:37:34.865+0000][14724][gc,cpu      ] GC(12) User=0.00s Sys=0.00s Real=0.00s
[2021-05-14T07:37:34.865+0000][14724][safepoint   ] Safepoint "G1Concurrent", Time since last: 34203200 ns, Reaching safepoint: 120700 ns, At safepoint: 2758000 ns, Total: 2878700 ns
[2021-05-14T07:37:34.865+0000][14724][gc,marking  ] GC(12) Concurrent Mark 28.318ms
[2021-05-14T07:37:34.865+0000][14724][gc,marking  ] GC(12) Concurrent Rebuild Remembered Sets
[2021-05-14T07:37:34.884+0000][14724][gc,marking  ] GC(12) Concurrent Rebuild Remembered Sets 19.200ms
[2021-05-14T07:37:34.884+0000][14724][gc,start    ] GC(12) Pause Cleanup
[2021-05-14T07:37:34.885+0000][14724][gc          ] GC(12) Pause Cleanup 162M->162M(16264M) 0.214ms
[2021-05-14T07:37:34.885+0000][14724][gc,cpu      ] GC(12) User=0.00s Sys=0.00s Real=0.00s
[2021-05-14T07:37:34.885+0000][14724][safepoint   ] Safepoint "G1Concurrent", Time since last: 19374100 ns, Reaching safepoint: 129800 ns, At safepoint: 348100 ns, Total: 477900 ns
[2021-05-14T07:37:34.885+0000][14724][gc,marking  ] GC(12) Concurrent Cleanup for Next Mark
[2021-05-14T07:37:34.908+0000][14724][gc,marking  ] GC(12) Concurrent Cleanup for Next Mark 23.405ms
[2021-05-14T07:37:34.908+0000][14724][gc          ] GC(12) Concurrent Mark Cycle 80.444ms
[2021-05-14T07:37:35.198+0000][14724][safepoint   ] Safepoint "ICBufferFull", Time since last: 313047000 ns, Reaching safepoint: 115600 ns, At safepoint: 13000 ns, Total: 128600 ns
[2021-05-14T07:37:35.650+0000][14724][safepoint   ] Safepoint "ICBufferFull", Time since last: 451900900 ns, Reaching safepoint: 143500 ns, At safepoint: 46500 ns, Total: 190000 ns
[2021-05-14T07:37:36.246+0000][14724][safepoint   ] Safepoint "ICBufferFull", Time since last: 595711500 ns, Reaching safepoint: 117300 ns, At safepoint: 12200 ns, Total: 129500 ns
[2021-05-14T07:37:36.609+0000][14724][safepoint   ] Safepoint "ICBufferFull", Time since last: 363280600 ns, Reaching safepoint: 146500 ns, At safepoint: 4700 ns, Total: 151200 ns
[2021-05-14T07:37:37.177+0000][14724][safepoint   ] Safepoint "ICBufferFull", Time since last: 567126600 ns, Reaching safepoint: 140700 ns, At safepoint: 4500 ns, Total: 145200 ns
[2021-05-14T07:37:37.644+0000][14724][safepoint   ] Safepoint "ICBufferFull", Time since last: 466582400 ns, Reaching safepoint: 103800 ns, At safepoint: 11700 ns, Total: 115500 ns
[2021-05-14T07:37:38.657+0000][14724][safepoint   ] Safepoint "Cleanup", Time since last: 1013273700 ns, Reaching safepoint: 118400 ns, At safepoint: 13200 ns, Total: 131600 ns
[2021-05-14T07:37:39.383+0000][14724][safepoint   ] Safepoint "ICBufferFull", Time since last: 725672300 ns, Reaching safepoint: 136300 ns, At safepoint: 74400 ns, Total: 210700 ns
[2021-05-14T07:37:40.379+0000][14724][safepoint   ] Safepoint "ICBufferFull", Time since last: 996012900 ns, Reaching safepoint: 264800 ns, At safepoint: 40200 ns, Total: 305000 ns
[2021-05-14T07:37:41.384+0000][14724][safepoint   ] Safepoint "Cleanup", Time since last: 1004804600 ns, Reaching safepoint: 181900 ns, At safepoint: 41800 ns, Total: 223700 ns
[2021-05-14T07:37:48.439+0000][14724][safepoint   ] Safepoint "Cleanup", Time since last: 7054162000 ns, Reaching safepoint: 251600 ns, At safepoint: 19300 ns, Total: 270900 ns
[2021-05-14T07:37:54.495+0000][14724][safepoint   ] Safepoint "Cleanup", Time since last: 6056378300 ns, Reaching safepoint: 235800 ns, At safepoint: 19400 ns, Total: 255200 ns
[2021-05-14T07:37:57.510+0000][14724][safepoint   ] Safepoint "Cleanup", Time since last: 3014696600 ns, Reaching safepoint: 144000 ns, At safepoint: 30600 ns, Total: 174600 ns
[2021-05-14T07:37:58.513+0000][14724][safepoint   ] Safepoint "Cleanup", Time since last: 1002150000 ns, Reaching safepoint: 117900 ns, At safepoint: 6200 ns, Total: 124100 ns
[2021-05-14T07:37:59.524+0000][14724][safepoint   ] Safepoint "Cleanup", Time since last: 1011428600 ns, Reaching safepoint: 104200 ns, At safepoint: 11200 ns, Total: 115400 ns
[2021-05-14T07:38:00.526+0000][14724][safepoint   ] Safepoint "Cleanup", Time since last: 1001785400 ns, Reaching safepoint: 265900 ns, At safepoint: 16700 ns, Total: 282600 ns
[2021-05-14T07:38:24.713+0000][14724][safepoint   ] Safepoint "Cleanup", Time since last: 24186604200 ns, Reaching safepoint: 157400 ns, At safepoint: 4300 ns, Total: 161700 ns
[2021-05-14T07:38:27.739+0000][14724][safepoint   ] Safepoint "Cleanup", Time since last: 3025959500 ns, Reaching safepoint: 266700 ns, At safepoint: 20700 ns, Total: 287400 ns
[2021-05-14T07:40:24.773+0000][14724][safepoint   ] Safepoint "Cleanup", Time since last: 117033899600 ns, Reaching safepoint: 111100 ns, At safepoint: 5200 ns, Total: 116300 ns
[2021-05-14T07:42:21.796+0000][14724][safepoint   ] Safepoint "Cleanup", Time since last: 117022878100 ns, Reaching safepoint: 206300 ns, At safepoint: 16300 ns, Total: 222600 ns
[2021-05-14T07:42:22.026+0000][14724][safepoint   ] Safepoint "ICBufferFull", Time since last: 228962500 ns, Reaching safepoint: 111200 ns, At safepoint: 5400 ns, Total: 116600 ns
[2021-05-14T07:42:23.033+0000][14724][safepoint   ] Safepoint "Cleanup", Time since last: 1007767800 ns, Reaching safepoint: 171500 ns, At safepoint: 51400 ns, Total: 222900 ns
[2021-05-14T07:42:55.329+0000][14724][safepoint   ] Safepoint "Cleanup", Time since last: 32295159200 ns, Reaching safepoint: 162200 ns, At safepoint: 4000 ns, Total: 166200 ns
[2021-05-14T07:42:58.359+0000][14724][safepoint   ] Safepoint "Cleanup", Time since last: 3029958400 ns, Reaching safepoint: 199900 ns, At safepoint: 29000 ns, Total: 228900 ns
[2021-05-14T07:43:03.413+0000][14724][safepoint   ] Safepoint "Cleanup", Time since last: 5053828200 ns, Reaching safepoint: 147100 ns, At safepoint: 5300 ns, Total: 152400 ns
[2021-05-14T07:43:13.511+0000][14724][safepoint   ] Safepoint "Cleanup", Time since last: 10098101000 ns, Reaching safepoint: 236100 ns, At safepoint: 5700 ns, Total: 241800 ns
[2021-05-14T07:43:24.581+0000][14724][safepoint   ] Safepoint "Cleanup", Time since last: 11069522500 ns, Reaching safepoint: 103200 ns, At safepoint: 9200 ns, Total: 112400 ns
[2021-05-14T07:44:24.112+0000][14724][safepoint   ] Safepoint "Cleanup", Time since last: 59531186300 ns, Reaching safepoint: 100600 ns, At safepoint: 14800 ns, Total: 115400 ns
[2021-05-14T07:44:36.201+0000][14724][safepoint   ] Safepoint "Cleanup", Time since last: 12088210300 ns, Reaching safepoint: 154700 ns, At safepoint: 14500 ns, Total: 169200 ns
[2021-05-14T07:44:53.316+0000][14724][safepoint   ] Safepoint "Cleanup", Time since last: 17115201900 ns, Reaching safepoint: 227600 ns, At safepoint: 19400 ns, Total: 247000 ns
[2021-05-14T07:44:54.321+0000][14724][safepoint   ] Safepoint "Cleanup", Time since last: 1004543800 ns, Reaching safepoint: 170700 ns, At safepoint: 8800 ns, Total: 179500 ns
[2021-05-14T07:45:24.606+0000][14724][safepoint   ] Safepoint "Cleanup", Time since last: 30284907700 ns, Reaching safepoint: 134700 ns, At safepoint: 5700 ns, Total: 140400 ns
[2021-05-14T07:45:39.731+0000][14724][safepoint   ] Safepoint "Cleanup", Time since last: 15125265700 ns, Reaching safepoint: 230300 ns, At safepoint: 18000 ns, Total: 248300 ns
[2021-05-14T07:45:54.855+0000][14724][safepoint   ] Safepoint "Cleanup", Time since last: 15123359000 ns, Reaching safepoint: 255100 ns, At safepoint: 16900 ns, Total: 272000 ns
[2021-05-14T07:45:57.885+0000][14724][safepoint   ] Safepoint "Cleanup", Time since last: 3029385300 ns, Reaching safepoint: 85300 ns, At safepoint: 4400 ns, Total: 89700 ns
[2021-05-14T07:46:09.963+0000][14724][safepoint   ] Safepoint "Cleanup", Time since last: 12078273800 ns, Reaching safepoint: 246300 ns, At safepoint: 16900 ns, Total: 263200 ns
[2021-05-14T07:46:24.084+0000][14724][safepoint   ] Safepoint "Cleanup", Time since last: 14120350900 ns, Reaching safepoint: 131800 ns, At safepoint: 6300 ns, Total: 138100 ns
[2021-05-14T07:47:24.497+0000][14724][safepoint   ] Safepoint "Cleanup", Time since last: 60413653700 ns, Reaching safepoint: 238800 ns, At safepoint: 14000 ns, Total: 252800 ns
[2021-05-14T07:48:57.257+0000][14724][safepoint   ] Safepoint "Cleanup", Time since last: 92759314700 ns, Reaching safepoint: 210200 ns, At safepoint: 17900 ns, Total: 228100 ns
[2021-05-14T07:49:24.475+0000][14724][safepoint   ] Safepoint "Cleanup", Time since last: 27217775700 ns, Reaching safepoint: 114400 ns, At safepoint: 5600 ns, Total: 120000 ns
[2021-05-14T07:51:21.441+0000][14724][safepoint   ] Safepoint "Cleanup", Time since last: 116966434000 ns, Reaching safepoint: 94500 ns, At safepoint: 4400 ns, Total: 98900 ns
[2021-05-14T07:51:24.449+0000][14724][safepoint   ] Safepoint "Cleanup", Time since last: 3007277300 ns, Reaching safepoint: 259600 ns, At safepoint: 19700 ns, Total: 279300 ns
[2021-05-14T07:51:54.751+0000][14724][safepoint   ] Safepoint "Cleanup", Time since last: 30301587500 ns, Reaching safepoint: 247600 ns, At safepoint: 115400 ns, Total: 363000 ns
[2021-05-14T07:53:24.443+0000][14724][safepoint   ] Safepoint "Cleanup", Time since last: 89691666500 ns, Reaching safepoint: 219100 ns, At safepoint: 18700 ns, Total: 237800 ns
[2021-05-14T07:54:05.812+0000][14724][safepoint   ] Safepoint "Cleanup", Time since last: 41368885700 ns, Reaching safepoint: 251300 ns, At safepoint: 19400 ns, Total: 270700 ns
[2021-05-14T07:54:21.987+0000][14724][safepoint   ] Safepoint "Cleanup", Time since last: 16174526100 ns, Reaching safepoint: 193200 ns, At safepoint: 47400 ns, Total: 240600 ns
[2021-05-14T07:54:23.001+0000][14724][safepoint   ] Safepoint "Cleanup", Time since last: 1014315300 ns, Reaching safepoint: 163600 ns, At safepoint: 41900 ns, Total: 205500 ns
[2021-05-14T07:54:25.012+0000][14724][safepoint   ] Safepoint "Cleanup", Time since last: 2010721200 ns, Reaching safepoint: 143600 ns, At safepoint: 5400 ns, Total: 149000 ns
[2021-05-14T07:55:24.447+0000][14724][safepoint   ] Safepoint "Cleanup", Time since last: 59435067700 ns, Reaching safepoint: 67500 ns, At safepoint: 7100 ns, Total: 74600 ns
[2021-05-14T07:55:55.749+0000][14724][safepoint   ] Safepoint "Cleanup", Time since last: 30245071500 ns, Reaching safepoint: 71800 ns, At safepoint: 17200 ns, Total: 89000 ns
[2021-05-14T07:57:24.597+0000][14724][safepoint   ] Safepoint "Cleanup", Time since last: 88847523100 ns, Reaching safepoint: 50600 ns, At safepoint: 14600 ns, Total: 65200 ns
[2021-05-14T07:57:32.668+0000][14724][safepoint   ] Safepoint "Cleanup", Time since last: 8070988200 ns, Reaching safepoint: 74100 ns, At safepoint: 6700 ns, Total: 80800 ns
[2021-05-14T07:57:44.810+0000][14724][safepoint   ] Safepoint "Cleanup", Time since last: 12141770300 ns, Reaching safepoint: 110100 ns, At safepoint: 5200 ns, Total: 115300 ns
[2021-05-14T07:58:45.323+0000][14724][safepoint   ] Safepoint "Cleanup", Time since last: 60513106300 ns, Reaching safepoint: 222600 ns, At safepoint: 62500 ns, Total: 285100 ns
[2021-05-14T07:58:56.431+0000][14724][safepoint   ] Safepoint "Cleanup", Time since last: 11107651300 ns, Reaching safepoint: 45800 ns, At safepoint: 11200 ns, Total: 57000 ns
[2021-05-14T07:59:25.722+0000][14724][safepoint   ] Safepoint "Cleanup", Time since last: 29291183400 ns, Reaching safepoint: 104200 ns, At safepoint: 48800 ns, Total: 153000 ns
[2021-05-14T07:59:56.032+0000][14724][safepoint   ] Safepoint "Cleanup", Time since last: 30309990800 ns, Reaching safepoint: 52600 ns, At safepoint: 54200 ns, Total: 106800 ns
[2021-05-14T08:01:10.618+0000][14724][safepoint   ] Safepoint "Cleanup", Time since last: 74585465400 ns, Reaching safepoint: 103900 ns, At safepoint: 6200 ns, Total: 110100 ns
[2021-05-14T08:01:25.750+0000][14724][safepoint   ] Safepoint "Cleanup", Time since last: 15131999700 ns, Reaching safepoint: 56800 ns, At safepoint: 5300 ns, Total: 62100 ns
[2021-05-14T08:03:28.942+0000][14724][safepoint   ] Safepoint "Cleanup", Time since last: 123192216200 ns, Reaching safepoint: 91700 ns, At safepoint: 8100 ns, Total: 99800 ns
[2021-05-14T08:05:24.001+0000][14724][safepoint   ] Safepoint "Cleanup", Time since last: 115058686300 ns, Reaching safepoint: 212200 ns, At safepoint: 7600 ns, Total: 219800 ns
[2021-05-14T08:06:25.573+0000][14724][safepoint   ] Safepoint "Cleanup", Time since last: 61572365600 ns, Reaching safepoint: 128800 ns, At safepoint: 4800 ns, Total: 133600 ns
[2021-05-14T08:11:26.312+0000][14724][safepoint   ] Safepoint "Cleanup", Time since last: 300738074700 ns, Reaching safepoint: 274900 ns, At safepoint: 17500 ns, Total: 292400 ns
[2021-05-14T08:11:55.585+0000][14724][safepoint   ] Safepoint "Cleanup", Time since last: 29273012400 ns, Reaching safepoint: 170500 ns, At safepoint: 20200 ns, Total: 190700 ns
[2021-05-14T08:13:26.442+0000][14724][safepoint   ] Safepoint "Cleanup", Time since last: 90857169800 ns, Reaching safepoint: 83800 ns, At safepoint: 10500 ns, Total: 94300 ns
[2021-05-14T08:16:26.133+0000][14724][safepoint   ] Safepoint "Cleanup", Time since last: 179690135500 ns, Reaching safepoint: 259100 ns, At safepoint: 20100 ns, Total: 279200 ns
[2021-05-14T08:16:59.402+0000][14724][safepoint   ] Safepoint "Cleanup", Time since last: 33268732300 ns, Reaching safepoint: 107700 ns, At safepoint: 8100 ns, Total: 115800 ns
[2021-05-14T08:17:25.558+0000][14724][safepoint   ] Safepoint "Cleanup", Time since last: 26155821400 ns, Reaching safepoint: 120900 ns, At safepoint: 4800 ns, Total: 125700 ns
[2021-05-14T08:18:26.069+0000][14724][safepoint   ] Safepoint "Cleanup", Time since last: 60510875500 ns, Reaching safepoint: 171300 ns, At safepoint: 4600 ns, Total: 175900 ns
[2021-05-14T08:23:07.695+0000][14724][safepoint   ] Safepoint "Cleanup", Time since last: 281625913100 ns, Reaching safepoint: 387000 ns, At safepoint: 5000 ns, Total: 392000 ns
[2021-05-14T08:27:13.822+0000][14724][safepoint   ] Safepoint "Cleanup", Time since last: 246126748200 ns, Reaching safepoint: 257900 ns, At safepoint: 5300 ns, Total: 263200 ns
[2021-05-14T08:27:24.924+0000][14724][safepoint   ] Safepoint "Cleanup", Time since last: 11102392500 ns, Reaching safepoint: 178500 ns, At safepoint: 5600 ns, Total: 184100 ns
